cset: moving following pidspec: 1199070
cset: moving 1 userspace tasks to /user/child
cset: done
LOADING SUITE...
loading group "find"... done (took 1.97418476 seconds)
loading group "problem"... done (took 1.484640212 seconds)
loading group "globals"... done (took 0.139718337 seconds)
loading group "io"... done (took 6.543970062 seconds)
loading group "simd"... done (took 1.067519131 seconds)
loading group "sparse"... done (took 0.596688246 seconds)
loading group "micro"... done (took 0.05064362 seconds)
loading group "parallel"... done (took 0.020609417 seconds)
loading group "dates"... done (took 0.201621441 seconds)
loading group "scalar"... done (took 1.189191373 seconds)
loading group "misc"... done (took 0.419419318 seconds)
loading group "union"... done (took 2.212933842 seconds)
loading group "alloc"... done (took 0.017252932 seconds)
loading group "random"... done (took 2.431767444 seconds)
loading group "shootout"... done (took 0.567506699 seconds)
loading group "broadcast"... done (took 0.736827858 seconds)
loading group "sort"... done (took 0.30650637 seconds)
loading group "array"... done (took 2.656652164 seconds)
loading group "string"... done (took 0.200328092 seconds)
loading group "linalg"... done (took 3.142774957 seconds)
loading group "tuple"... done (took 0.688616724 seconds)
loading group "collection"... done (took 6.406918804 seconds)
loading group "inference"... done (took 3.628287782 seconds)
loading group "frontend"... done (took 0.004479892 seconds)
FILTERING SUITE...
SETTING UP FOR RUN...
WARMING UP BENCHMARKS...
(1/1) benchmarking "globals"...
  (1/11) benchmarking "write_const"...
  done (took 0.084742905 seconds)
  (2/11) benchmarking "swap_typed"...
  done (took 0.023627244 seconds)
  (3/11) benchmarking "getglobal_dynamic"...
  done (took 0.025035735 seconds)
  (4/11) benchmarking "rmw_typed"...
  done (took 0.025327583 seconds)
  (5/11) benchmarking "read_typed"...
  done (took 0.024874771 seconds)
  (6/11) benchmarking "many_globals"...
  done (took 0.035586329 seconds)
  (7/11) benchmarking "isdefined_dynamic"...
  done (took 0.024185271 seconds)
  (8/11) benchmarking "read_const"...
  done (took 0.024044771 seconds)
  (9/11) benchmarking "isdefined"...
  done (took 0.02421227 seconds)
  (10/11) benchmarking "write_varying"...
  done (took 0.023133517 seconds)
  (11/11) benchmarking "read_untyped"...
  done (took 0.024475305 seconds)
done (took 0.845972244 seconds)
RUNNING BENCHMARKS...
  benchmarking Any["globals", "write_const"]...
  benchmarking Any["globals", "swap_typed"]...
  benchmarking Any["globals", "getglobal_dynamic"]...
  benchmarking Any["globals", "rmw_typed"]...
  benchmarking Any["globals", "read_typed"]...
  benchmarking Any["globals", "many_globals"]...
  benchmarking Any["globals", "isdefined_dynamic"]...
  benchmarking Any["globals", "read_const"]...
  benchmarking Any["globals", "isdefined"]...
  benchmarking Any["globals", "write_varying"]...
  benchmarking Any["globals", "read_untyped"]...
SAVING RESULT...
DONE!
