cset: moving following pidspec: 1197033
cset: moving 1 userspace tasks to /user/child
cset: done
LOADING SUITE...
loading group "find"... done (took 1.972151046 seconds)
loading group "problem"... done (took 1.46324747 seconds)
loading group "globals"... done (took 0.136361331 seconds)
loading group "io"... done (took 6.407296257 seconds)
loading group "simd"... done (took 1.066878567 seconds)
loading group "sparse"... done (took 0.593750301 seconds)
loading group "micro"... done (took 0.050894204 seconds)
loading group "parallel"... done (took 0.02067032 seconds)
loading group "dates"... done (took 0.202536328 seconds)
loading group "scalar"... done (took 1.170320009 seconds)
loading group "misc"... done (took 0.415059804 seconds)
loading group "union"... done (took 2.182263225 seconds)
loading group "alloc"... done (took 0.017281389 seconds)
loading group "random"... done (took 2.364787516 seconds)
loading group "shootout"... done (took 0.557348211 seconds)
loading group "broadcast"... done (took 0.835269812 seconds)
loading group "sort"... done (took 0.298453721 seconds)
loading group "array"... done (took 2.48347333 seconds)
loading group "string"... done (took 0.20076156 seconds)
loading group "linalg"... done (took 3.215316565 seconds)
loading group "tuple"... done (took 0.666660821 seconds)
loading group "collection"... done (took 6.301346988 seconds)
loading group "inference"... done (took 3.528327334 seconds)
loading group "frontend"... done (took 0.004475636 seconds)
FILTERING SUITE...
SETTING UP FOR RUN...
WARMING UP BENCHMARKS...
(1/1) benchmarking "globals"...
  (1/11) benchmarking "write_const"...
  done (took 0.083833185 seconds)
  (2/11) benchmarking "swap_typed"...
  done (took 0.024604991 seconds)
  (3/11) benchmarking "getglobal_dynamic"...
  done (took 0.025180012 seconds)
  (4/11) benchmarking "rmw_typed"...
  done (took 0.025078389 seconds)
  (5/11) benchmarking "read_typed"...
  done (took 0.024535325 seconds)
  (6/11) benchmarking "many_globals"...
  done (took 0.036183789 seconds)
  (7/11) benchmarking "isdefined_dynamic"...
  done (took 0.023853147 seconds)
  (8/11) benchmarking "read_const"...
  done (took 0.023851343 seconds)
  (9/11) benchmarking "isdefined"...
  done (took 0.023869717 seconds)
  (10/11) benchmarking "write_varying"...
  done (took 0.023022552 seconds)
  (11/11) benchmarking "read_untyped"...
  done (took 0.024419279 seconds)
done (took 0.851514303 seconds)
RUNNING BENCHMARKS...
  benchmarking Any["globals", "write_const"]...
  benchmarking Any["globals", "swap_typed"]...
  benchmarking Any["globals", "getglobal_dynamic"]...
  benchmarking Any["globals", "rmw_typed"]...
  benchmarking Any["globals", "read_typed"]...
  benchmarking Any["globals", "many_globals"]...
  benchmarking Any["globals", "isdefined_dynamic"]...
  benchmarking Any["globals", "read_const"]...
  benchmarking Any["globals", "isdefined"]...
  benchmarking Any["globals", "write_varying"]...
  benchmarking Any["globals", "read_untyped"]...
SAVING RESULT...
DONE!
