cset: moving following pidspec: 871904
cset: moving 1 userspace tasks to /user/child
cset: done
LOADING SUITE...
loading group "find"... done (took 1.929484423 seconds)
loading group "problem"... done (took 1.474082815 seconds)
loading group "globals"... done (took 0.130667922 seconds)
loading group "io"... done (took 6.962427024 seconds)
loading group "simd"... done (took 1.069429334 seconds)
loading group "sparse"... done (took 0.592571745 seconds)
loading group "micro"... done (took 0.050580017 seconds)
loading group "parallel"... done (took 0.020440114 seconds)
loading group "dates"... done (took 0.204957627 seconds)
loading group "scalar"... done (took 1.192821841 seconds)
loading group "misc"... done (took 0.425195145 seconds)
loading group "union"... done (took 2.163326177 seconds)
loading group "alloc"... done (took 0.017125963 seconds)
loading group "random"... done (took 2.416604523 seconds)
loading group "shootout"... done (took 0.557028624 seconds)
loading group "broadcast"... done (took 0.703011018 seconds)
loading group "sort"... done (took 0.309544375 seconds)
loading group "array"... done (took 2.60891708 seconds)
loading group "string"... done (took 0.200296559 seconds)
loading group "linalg"... done (took 2.98206746 seconds)
loading group "tuple"... done (took 0.664950019 seconds)
loading group "collection"... done (took 6.247820541 seconds)
loading group "inference"... done (took 3.237307939 seconds)
loading group "frontend"... done (took 0.004294289 seconds)
FILTERING SUITE...
SETTING UP FOR RUN...
WARMING UP BENCHMARKS...
(1/1) benchmarking "inference"...
  (1/3) benchmarking "optimization"...
    (1/12) benchmarking "many_const_calls"...
    done (took 39.346710599 seconds)
    (2/12) benchmarking "Base.init_stdio(::Ptr{Cvoid})"...
    done (took 11.041379418 seconds)
    (3/12) benchmarking "rand(Float64)"...
    done (took 0.308870532 seconds)
    (4/12) benchmarking "many_method_matches"...
    done (took 0.402998797 seconds)
    (5/12) benchmarking "many_global_refs"...
    done (took 0.287656816 seconds)
    (6/12) benchmarking "many_opaque_closures"...
    done (took 0.951210334 seconds)
    (7/12) benchmarking "sin(42)"...
    done (took 0.093206003 seconds)
    (8/12) benchmarking "many_local_vars"...
    done (took 0.364795533 seconds)
    (9/12) benchmarking "many_invoke_calls"...
    done (took 0.129054988 seconds)
    (10/12) benchmarking "broadcasting"...
    done (took 0.433034133 seconds)
    (11/12) benchmarking "REPL.REPLCompletions.completions"...
    done (took 12.956127553 seconds)
    (12/12) benchmarking "println(::QuoteNode)"...
    done (took 0.424428517 seconds)
  done (took 67.162134457 seconds)
  (2/3) benchmarking "abstract interpretation"...
    (1/12) benchmarking "many_const_calls"...
    done (took 2.420706776 seconds)
    (2/12) benchmarking "Base.init_stdio(::Ptr{Cvoid})"...
    done (took 3.955944708 seconds)
    (3/12) benchmarking "rand(Float64)"...
    done (took 0.124204777 seconds)
    (4/12) benchmarking "many_method_matches"...
    done (took 0.074860015 seconds)
    (5/12) benchmarking "many_global_refs"...
    done (took 0.390022039 seconds)
    (6/12) benchmarking "many_opaque_closures"...
    done (took 0.106363566 seconds)
    (7/12) benchmarking "sin(42)"...
    done (took 0.053952035 seconds)
    (8/12) benchmarking "many_local_vars"...
    done (took 0.200626684 seconds)
    (9/12) benchmarking "many_invoke_calls"...
    done (took 0.048824664 seconds)
    (10/12) benchmarking "broadcasting"...
    done (took 0.195739631 seconds)
    (11/12) benchmarking "REPL.REPLCompletions.completions"...
    done (took 3.040964576 seconds)
    (12/12) benchmarking "println(::QuoteNode)"...
    done (took 0.14716012 seconds)
  done (took 12.134894233 seconds)
  (3/3) benchmarking "allinference"...
    (1/12) benchmarking "many_const_calls"...
    done (took 0.111540165 seconds)
    (2/12) benchmarking "Base.init_stdio(::Ptr{Cvoid})"...
    done (took 9.335298099 seconds)
    (3/12) benchmarking "rand(Float64)"...
    done (took 0.267197668 seconds)
    (4/12) benchmarking "many_method_matches"...
    done (took 0.371302837 seconds)
    (5/12) benchmarking "many_global_refs"...
    done (took 0.258210035 seconds)
    (6/12) benchmarking "many_opaque_closures"...
    done (took 0.543137979 seconds)
    (7/12) benchmarking "sin(42)"...
    done (took 0.086220026 seconds)
    (8/12) benchmarking "many_local_vars"...
    done (took 0.552547917 seconds)
    (9/12) benchmarking "many_invoke_calls"...
    done (took 0.099502647 seconds)
    (10/12) benchmarking "broadcasting"...
    done (took 0.394834661 seconds)
    (11/12) benchmarking "REPL.REPLCompletions.completions"...
    done (took 13.054150476 seconds)
    (12/12) benchmarking "println(::QuoteNode)"...
    done (took 0.485306531 seconds)
  done (took 27.123991375 seconds)
done (took 106.881466121 seconds)
RUNNING BENCHMARKS...
  benchmarking Any["inference", "optimization", "many_const_calls"]...
  benchmarking Any["inference", "optimization", "Base.init_stdio(::Ptr{Cvoid})"]...
  benchmarking Any["inference", "optimization", "rand(Float64)"]...
  benchmarking Any["inference", "optimization", "many_method_matches"]...
  benchmarking Any["inference", "optimization", "many_global_refs"]...
  benchmarking Any["inference", "optimization", "many_opaque_closures"]...
  benchmarking Any["inference", "optimization", "sin(42)"]...
  benchmarking Any["inference", "optimization", "many_local_vars"]...
  benchmarking Any["inference", "optimization", "many_invoke_calls"]...
  benchmarking Any["inference", "optimization", "broadcasting"]...
  benchmarking Any["inference", "optimization", "REPL.REPLCompletions.completions"]...
  benchmarking Any["inference", "optimization", "println(::QuoteNode)"]...
  benchmarking Any["inference", "abstract interpretation", "many_const_calls"]...
  benchmarking Any["inference", "abstract interpretation", "Base.init_stdio(::Ptr{Cvoid})"]...
  benchmarking Any["inference", "abstract interpretation", "rand(Float64)"]...
  benchmarking Any["inference", "abstract interpretation", "many_method_matches"]...
  benchmarking Any["inference", "abstract interpretation", "many_global_refs"]...
  benchmarking Any["inference", "abstract interpretation", "many_opaque_closures"]...
  benchmarking Any["inference", "abstract interpretation", "sin(42)"]...
  benchmarking Any["inference", "abstract interpretation", "many_local_vars"]...
  benchmarking Any["inference", "abstract interpretation", "many_invoke_calls"]...
  benchmarking Any["inference", "abstract interpretation", "broadcasting"]...
  benchmarking Any["inference", "abstract interpretation", "REPL.REPLCompletions.completions"]...
  benchmarking Any["inference", "abstract interpretation", "println(::QuoteNode)"]...
  benchmarking Any["inference", "allinference", "many_const_calls"]...
  benchmarking Any["inference", "allinference", "Base.init_stdio(::Ptr{Cvoid})"]...
  benchmarking Any["inference", "allinference", "rand(Float64)"]...
  benchmarking Any["inference", "allinference", "many_method_matches"]...
  benchmarking Any["inference", "allinference", "many_global_refs"]...
  benchmarking Any["inference", "allinference", "many_opaque_closures"]...
  benchmarking Any["inference", "allinference", "sin(42)"]...
  benchmarking Any["inference", "allinference", "many_local_vars"]...
  benchmarking Any["inference", "allinference", "many_invoke_calls"]...
  benchmarking Any["inference", "allinference", "broadcasting"]...
  benchmarking Any["inference", "allinference", "REPL.REPLCompletions.completions"]...
  benchmarking Any["inference", "allinference", "println(::QuoteNode)"]...
SAVING RESULT...
DONE!
