cset: moving following pidspec: 863495
cset: moving 1 userspace tasks to /user/child
cset: done
LOADING SUITE...
loading group "find"... done (took 1.942171844 seconds)
loading group "problem"... done (took 1.494961272 seconds)
loading group "globals"... done (took 0.133498521 seconds)
loading group "io"... done (took 6.792934795 seconds)
loading group "simd"... done (took 1.156370359 seconds)
loading group "sparse"... done (took 0.628446518 seconds)
loading group "micro"... done (took 0.055793318 seconds)
loading group "parallel"... done (took 0.02295611 seconds)
loading group "dates"... done (took 0.220011857 seconds)
loading group "scalar"... done (took 1.225940059 seconds)
loading group "misc"... done (took 0.429703475 seconds)
loading group "union"... done (took 2.169578402 seconds)
loading group "alloc"... done (took 0.017708681 seconds)
loading group "random"... done (took 2.41376186 seconds)
loading group "shootout"... done (took 0.56460843 seconds)
loading group "broadcast"... done (took 0.712182476 seconds)
loading group "sort"... done (took 0.308143491 seconds)
loading group "array"... done (took 2.549264415 seconds)
loading group "string"... done (took 0.197529638 seconds)
loading group "linalg"... done (took 3.001891782 seconds)
loading group "tuple"... done (took 0.666096411 seconds)
loading group "collection"... done (took 6.234622165 seconds)
loading group "inference"... done (took 3.201951555 seconds)
loading group "frontend"... done (took 0.004382042 seconds)
FILTERING SUITE...
SETTING UP FOR RUN...
WARMING UP BENCHMARKS...
(1/1) benchmarking "inference"...
  (1/3) benchmarking "optimization"...
    (1/12) benchmarking "many_const_calls"...
    done (took 39.423898171 seconds)
    (2/12) benchmarking "Base.init_stdio(::Ptr{Cvoid})"...
    done (took 11.107353189 seconds)
    (3/12) benchmarking "rand(Float64)"...
    done (took 0.506612629 seconds)
    (4/12) benchmarking "many_method_matches"...
    done (took 0.405194228 seconds)
    (5/12) benchmarking "many_global_refs"...
    done (took 0.294688157 seconds)
    (6/12) benchmarking "many_opaque_closures"...
    done (took 0.759931115 seconds)
    (7/12) benchmarking "sin(42)"...
    done (took 0.094069947 seconds)
    (8/12) benchmarking "many_local_vars"...
    done (took 0.541710704 seconds)
    (9/12) benchmarking "many_invoke_calls"...
    done (took 0.13171054 seconds)
    (10/12) benchmarking "broadcasting"...
    done (took 0.435361082 seconds)
    (11/12) benchmarking "REPL.REPLCompletions.completions"...
    done (took 13.117896079 seconds)
    (12/12) benchmarking "println(::QuoteNode)"...
    done (took 0.421678094 seconds)
  done (took 67.668871014 seconds)
  (2/3) benchmarking "abstract interpretation"...
    (1/12) benchmarking "many_const_calls"...
    done (took 2.416784497 seconds)
    (2/12) benchmarking "Base.init_stdio(::Ptr{Cvoid})"...
    done (took 3.834542666 seconds)
    (3/12) benchmarking "rand(Float64)"...
    done (took 0.312782599 seconds)
    (4/12) benchmarking "many_method_matches"...
    done (took 0.074371801 seconds)
    (5/12) benchmarking "many_global_refs"...
    done (took 0.17646308 seconds)
    (6/12) benchmarking "many_opaque_closures"...
    done (took 0.112704541 seconds)
    (7/12) benchmarking "sin(42)"...
    done (took 0.054681422 seconds)
    (8/12) benchmarking "many_local_vars"...
    done (took 0.206530671 seconds)
    (9/12) benchmarking "many_invoke_calls"...
    done (took 0.053638548 seconds)
    (10/12) benchmarking "broadcasting"...
    done (took 0.211976388 seconds)
    (11/12) benchmarking "REPL.REPLCompletions.completions"...
    done (took 3.081649873 seconds)
    (12/12) benchmarking "println(::QuoteNode)"...
    done (took 0.151132831 seconds)
  done (took 12.14815663 seconds)
  (3/3) benchmarking "allinference"...
    (1/12) benchmarking "many_const_calls"...
    done (took 0.112578858 seconds)
    (2/12) benchmarking "Base.init_stdio(::Ptr{Cvoid})"...
    done (took 9.489904627 seconds)
    (3/12) benchmarking "rand(Float64)"...
    done (took 0.270534968 seconds)
    (4/12) benchmarking "many_method_matches"...
    done (took 0.367592166 seconds)
    (5/12) benchmarking "many_global_refs"...
    done (took 0.263449953 seconds)
    (6/12) benchmarking "many_opaque_closures"...
    done (took 0.568228788 seconds)
    (7/12) benchmarking "sin(42)"...
    done (took 0.090675247 seconds)
    (8/12) benchmarking "many_local_vars"...
    done (took 0.616927826 seconds)
    (9/12) benchmarking "many_invoke_calls"...
    done (took 0.183704149 seconds)
    (10/12) benchmarking "broadcasting"...
    done (took 0.423074066 seconds)
    (11/12) benchmarking "REPL.REPLCompletions.completions"...
    done (took 13.314243918 seconds)
    (12/12) benchmarking "println(::QuoteNode)"...
    done (took 0.384419442 seconds)
  done (took 27.643826818 seconds)
done (took 107.927944921 seconds)
RUNNING BENCHMARKS...
  benchmarking Any["inference", "optimization", "many_const_calls"]...
  benchmarking Any["inference", "optimization", "Base.init_stdio(::Ptr{Cvoid})"]...
  benchmarking Any["inference", "optimization", "rand(Float64)"]...
  benchmarking Any["inference", "optimization", "many_method_matches"]...
  benchmarking Any["inference", "optimization", "many_global_refs"]...
  benchmarking Any["inference", "optimization", "many_opaque_closures"]...
  benchmarking Any["inference", "optimization", "sin(42)"]...
  benchmarking Any["inference", "optimization", "many_local_vars"]...
  benchmarking Any["inference", "optimization", "many_invoke_calls"]...
  benchmarking Any["inference", "optimization", "broadcasting"]...
  benchmarking Any["inference", "optimization", "REPL.REPLCompletions.completions"]...
  benchmarking Any["inference", "optimization", "println(::QuoteNode)"]...
  benchmarking Any["inference", "abstract interpretation", "many_const_calls"]...
  benchmarking Any["inference", "abstract interpretation", "Base.init_stdio(::Ptr{Cvoid})"]...
  benchmarking Any["inference", "abstract interpretation", "rand(Float64)"]...
  benchmarking Any["inference", "abstract interpretation", "many_method_matches"]...
  benchmarking Any["inference", "abstract interpretation", "many_global_refs"]...
  benchmarking Any["inference", "abstract interpretation", "many_opaque_closures"]...
  benchmarking Any["inference", "abstract interpretation", "sin(42)"]...
  benchmarking Any["inference", "abstract interpretation", "many_local_vars"]...
  benchmarking Any["inference", "abstract interpretation", "many_invoke_calls"]...
  benchmarking Any["inference", "abstract interpretation", "broadcasting"]...
  benchmarking Any["inference", "abstract interpretation", "REPL.REPLCompletions.completions"]...
  benchmarking Any["inference", "abstract interpretation", "println(::QuoteNode)"]...
  benchmarking Any["inference", "allinference", "many_const_calls"]...
  benchmarking Any["inference", "allinference", "Base.init_stdio(::Ptr{Cvoid})"]...
  benchmarking Any["inference", "allinference", "rand(Float64)"]...
  benchmarking Any["inference", "allinference", "many_method_matches"]...
  benchmarking Any["inference", "allinference", "many_global_refs"]...
  benchmarking Any["inference", "allinference", "many_opaque_closures"]...
  benchmarking Any["inference", "allinference", "sin(42)"]...
  benchmarking Any["inference", "allinference", "many_local_vars"]...
  benchmarking Any["inference", "allinference", "many_invoke_calls"]...
  benchmarking Any["inference", "allinference", "broadcasting"]...
  benchmarking Any["inference", "allinference", "REPL.REPLCompletions.completions"]...
  benchmarking Any["inference", "allinference", "println(::QuoteNode)"]...
SAVING RESULT...
DONE!
